<?xml version="1.0" encoding="UTF-8"?>
<testsuites name="jest tests" tests="3" failures="0" errors="0" time="14.613">
  <testsuite name="classes" errors="0" failures="0" skipped="0" timestamp="2021-07-24T09:38:54" time="6.995" tests="1">
    <testcase classname="classes 接受一个classname" name="classes 接受一个classname" time="0.002">
    </testcase>
  </testsuite>
  <testsuite name="icon" errors="0" failures="0" skipped="0" timestamp="2021-07-24T09:38:54" time="7.265" tests="2">
    <testcase classname="icon render successfully" name="icon render successfully" time="0.012">
    </testcase>
    <testcase classname="icon onClick" name="icon onClick" time="0.058">
    </testcase>
  </testsuite>
</testsuites>